// Jest Snapshot v1, https://goo.gl/fbAQLP

exports[`renders correctly 1`] = `
<Text
  allowFontScaling={false}
  style={
    Array [
      Object {
        "color": "#9a9",
        "fontSize": 30,
      },
      undefined,
      Object {
        "fontFamily": "Material Icons",
        "fontStyle": "normal",
        "fontWeight": "normal",
      },
      Object {},
    ]
  }
>
  î—ˆ
</Text>
`;
